typemeta:
    kind: ""
    apiversion: ""
objectmeta:
    name: image-builder-test-image-v1-0-0-config
    generatename: ""
    namespace: test
    selflink: ""
    uid: ""
    resourceversion: ""
    generation: 0
    creationtimestamp: "0001-01-01T00:00:00Z"
    deletiontimestamp: null
    deletiongraceperiodseconds: null
    labels: {}
    annotations: {}
    ownerreferences:
        - apiversion: batch/v1
          kind: Job
          name: image-builder-test-image-v1-0-0
          uid: ""
          controller: null
          blockownerdeletion: null
    finalizers: []
    zzz_deprecatedclustername: ""
    managedfields: []
immutable: null
data: {}
binarydata:
    file.tar.gz: []
