typemeta:
    kind: ""
    apiversion: ""
objectmeta:
    name: image-builder-test-image-v1-0-0
    generatename: ""
    namespace: test
    selflink: ""
    uid: ""
    resourceversion: ""
    generation: 0
    creationtimestamp: "0001-01-01T00:00:00Z"
    deletiontimestamp: null
    deletiongraceperiodseconds: null
    labels:
        job-id: image-builder-test-image-v1-0-0
    annotations: {}
    ownerreferences: []
    finalizers: []
    managedfields: []
spec:
    parallelism: null
    completions: null
    activedeadlineseconds: null
    podfailurepolicy: null
    backofflimit: 0
    selector: null
    manualselector: null
    template:
        objectmeta:
            name: ""
            generatename: ""
            namespace: ""
            selflink: ""
            uid: ""
            resourceversion: ""
            generation: 0
            creationtimestamp: "0001-01-01T00:00:00Z"
            deletiontimestamp: null
            deletiongraceperiodseconds: null
            labels: {}
            annotations: {}
            ownerreferences: []
            finalizers: []
            managedfields: []
        spec:
            volumes:
                - name: registry-auth-secret
                  volumesource:
                    hostpath: null
                    emptydir: null
                    gcepersistentdisk: null
                    awselasticblockstore: null
                    gitrepo: null
                    secret:
                        secretname: ""
                        items:
                            - key: .dockerconfigjson
                              path: config.json
                              mode: null
                        defaultmode: null
                        optional: null
                    nfs: null
                    iscsi: null
                    glusterfs: null
                    persistentvolumeclaim: null
                    rbd: null
                    flexvolume: null
                    cinder: null
                    cephfs: null
                    flocker: null
                    downwardapi: null
                    fc: null
                    azurefile: null
                    configmap: null
                    vspherevolume: null
                    quobyte: null
                    azuredisk: null
                    photonpersistentdisk: null
                    projected: null
                    portworxvolume: null
                    scaleio: null
                    storageos: null
                    csi: null
                    ephemeral: null
                - name: registry-netrc-secret
                  volumesource:
                    hostpath: null
                    emptydir: null
                    gcepersistentdisk: null
                    awselasticblockstore: null
                    gitrepo: null
                    secret:
                        secretname: netrc-secret-name
                        items:
                            - key: .netrcconfig
                              path: .netrc
                              mode: null
                        defaultmode: null
                        optional: null
                    nfs: null
                    iscsi: null
                    glusterfs: null
                    persistentvolumeclaim: null
                    rbd: null
                    flexvolume: null
                    cinder: null
                    cephfs: null
                    flocker: null
                    downwardapi: null
                    fc: null
                    azurefile: null
                    configmap: null
                    vspherevolume: null
                    quobyte: null
                    azuredisk: null
                    photonpersistentdisk: null
                    projected: null
                    portworxvolume: null
                    scaleio: null
                    storageos: null
                    csi: null
                    ephemeral: null
            initcontainers: []
            containers:
                - name: kaniko
                  image: gcr.io/kaniko-project/executor:v1.18.0
                  command: []
                  args:
                    - --context=s3://test/.kai/test.local/test-image:v1.0.0
                    - --insecure=
                    - --verbosity=error
                    - --destination=test.local/test-image:v1.0.0
                  workingdir: ""
                  ports: []
                  envfrom: []
                  env:
                    - name: S3_ENDPOINT
                      value: http://
                      valuefrom: null
                    - name: AWS_ACCESS_KEY_ID
                      value: ""
                      valuefrom: null
                    - name: AWS_SECRET_ACCESS_KEY
                      value: ""
                      valuefrom: null
                    - name: AWS_REGION
                      value: ""
                      valuefrom: null
                    - name: S3_FORCE_PATH_STYLE
                      value: "true"
                      valuefrom: null
                  resources:
                    limits: {}
                    requests: {}
                    claims: []
                  resizepolicy: []
                  volumemounts:
                    - name: registry-auth-secret
                      readonly: false
                      mountpath: /kaniko/.docker
                      subpath: ""
                      mountpropagation: null
                      subpathexpr: ""
                    - name: registry-netrc-secret
                      readonly: false
                      mountpath: /kaniko/.netrc
                      subpath: ""
                      mountpropagation: null
                      subpathexpr: ""
                  volumedevices: []
                  livenessprobe: null
                  readinessprobe: null
                  startupprobe: null
                  lifecycle: null
                  terminationmessagepath: ""
                  terminationmessagepolicy: ""
                  imagepullpolicy: IfNotPresent
                  securitycontext: null
                  stdin: false
                  stdinonce: false
                  tty: false
            ephemeralcontainers: []
            restartpolicy: Never
            terminationgraceperiodseconds: null
            activedeadlineseconds: null
            dnspolicy: ""
            nodeselector: {}
            serviceaccountname: ""
            deprecatedserviceaccount: ""
            automountserviceaccounttoken: null
            nodename: ""
            hostnetwork: false
            hostpid: false
            hostipc: false
            shareprocessnamespace: null
            securitycontext: null
            imagepullsecrets: []
            hostname: ""
            subdomain: ""
            affinity: null
            schedulername: ""
            tolerations: []
            hostaliases: []
            priorityclassname: ""
            priority: null
            dnsconfig: null
            readinessgates: []
            runtimeclassname: null
            enableservicelinks: null
            preemptionpolicy: null
            overhead: {}
            topologyspreadconstraints: []
            sethostnameasfqdn: null
            os: null
            hostusers: null
            schedulinggates: []
            resourceclaims: []
    ttlsecondsafterfinished: 100
    completionmode: null
    suspend: null
status:
    conditions: []
    starttime: null
    completiontime: null
    active: 0
    succeeded: 0
    failed: 0
    completedindexes: ""
    uncountedterminatedpods: null
    ready: null
